// Jest Snapshot v1, https://goo.gl/fbAQLP

exports[`App.js matches snapshot 1`] = `
<div>
  <h1>
    Test
  </h1>
  <CheckBox
    checked={true}
    handleClick={[Function]}
    item={
      Object {
        "id": 1,
        "label": "Foo",
      }
    }
    key="1"
  />
  <CheckBox
    checked={true}
    handleClick={[Function]}
    item={
      Object {
        "id": 2,
        "label": "Buzz",
      }
    }
    key="2"
  />
  <CheckBox
    checked={false}
    handleClick={[Function]}
    item={
      Object {
        "id": 3,
        "label": "Fuzz",
      }
    }
    key="3"
  />
  <CheckBox
    checked={false}
    handleClick={[Function]}
    item={
      Object {
        "id": 4,
        "label": "Fizz",
      }
    }
    key="4"
  />
  <CheckBox
    checked={false}
    handleClick={[Function]}
    item={
      Object {
        "id": 5,
        "label": "FizzBuzz",
      }
    }
    key="5"
  />
  <CheckBox
    checked={true}
    handleClick={[Function]}
    item={
      Object {
        "id": 6,
        "label": "Boo",
      }
    }
    key="6"
  />
</div>
`;
