// Jest Snapshot v1, https://goo.gl/fbAQLP

exports[`initialState.js matches snapshot 1`] = `
Object {
  "checkBoxItems": Array [
    Object {
      "id": "1",
      "label": "Label 1",
      "value": "Value 1",
    },
    Object {
      "id": "2",
      "label": "Label 2",
      "value": "Value 2",
    },
  ],
}
`;
